#-----------------------------------------------------------
# Vivado v2018.2 (64-bit)
# SW Build 2258646 on Thu Jun 14 20:03:12 MDT 2018
# IP Build 2256618 on Thu Jun 14 22:10:49 MDT 2018
# Start of session at: Wed May 14 00:21:33 2025
# Process ID: 26128
# Current directory: C:/Users/ASUS TUF/Documents/Vivado/Nano_Alts/Basic
# Command line: vivado.exe -gui_launcher_event rodinguilauncherevent40388 C:\Users\ASUS TUF\Documents\Vivado\Nano_Alts\Basic\Lab10.xpr
# Log file: C:/Users/ASUS TUF/Documents/Vivado/Nano_Alts/Basic/vivado.log
# Journal file: C:/Users/ASUS TUF/Documents/Vivado/Nano_Alts/Basic\vivado.jou
#-----------------------------------------------------------
start_gui
open_project {C:/Users/ASUS TUF/Documents/Vivado/Nano_Alts/Basic/Lab10.xpr}
update_compile_order -fileset sources_1
update_compile_order -fileset sources_1
launch_simulation
open_wave_config {C:/Users/ASUS TUF/Documents/Vivado/Nano_Alts/Basic/Test_Comp_behav.wcfg}
source Test_Comp.tcl
save_wave_config {C:/Users/ASUS TUF/Documents/Vivado/Nano_Alts/Basic/Test_Comp_behav.wcfg}
close_sim
launch_simulation
open_wave_config {C:/Users/ASUS TUF/Documents/Vivado/Nano_Alts/Basic/Test_Comp_behav.wcfg}
source Test_Comp.tcl
reset_run synth_1
launch_runs synth_1 -jobs 8
wait_on_run synth_1
open_run synth_1 -name synth_1
report_utilization -name utilization_1
add_files -fileset constrs_1 -norecurse {{C:/Users/ASUS TUF/Documents/Vivado/Nano_Alts/Basic/Basic_Constraints.xdc}}
import_files -fileset constrs_1 {{C:/Users/ASUS TUF/Documents/Vivado/Nano_Alts/Basic/Basic_Constraints.xdc}}
close_sim
launch_simulation
open_wave_config {C:/Users/ASUS TUF/Documents/Vivado/Nano_Alts/Basic/Test_Comp_behav.wcfg}
source Test_Comp.tcl
reset_run synth_1
launch_runs synth_1 -jobs 8
wait_on_run synth_1
launch_runs impl_1 -jobs 8
wait_on_run impl_1
refresh_design
report_utilization -name utilization_1
launch_runs impl_1 -to_step write_bitstream -jobs 8
wait_on_run impl_1
close_sim
launch_simulation
open_wave_config {C:/Users/ASUS TUF/Documents/Vivado/Nano_Alts/Basic/Test_Comp_behav.wcfg}
source Test_Comp.tcl
reset_run synth_1
launch_runs synth_1 -jobs 8
wait_on_run synth_1
launch_runs impl_1 -jobs 8
wait_on_run impl_1
launch_runs impl_1 -to_step write_bitstream -jobs 8
wait_on_run impl_1
open_run impl_1
report_utilization -name utilization_1
close_sim
